****                   ADMIXTURE Version 1.4.0                  ****
****                    Copyright 2008-2025                     ****
****           David Alexander, Suyash Shringarpure,            ****
****                John Novembre, Ken Lange                    ****
****                                                            ****
****                 Please cite our paper!                     ****
****   Information at https://dalexander.github.io/admixture/   ****

Cross-validation will be performed.  Folds=5.
Parallel execution requested.  Will use 8 threads.
Random seed: 1074
Point estimation method: Block relaxation algorithm
Convergence acceleration algorithm: QuasiNewton, 3 secant conditions
Point estimation will terminate when objective function delta < 0.0001
Estimation of standard errors disabled; will compute point estimates only.
Size of G: 14466x148419
Performing five EM steps to prime main algorithm
1 (EM) 	Elapsed: 3.694	Loglikelihood: -2.12296e+09	(delta): 1.54562e+09
2 (EM) 	Elapsed: 3.73	Loglikelihood: -2.06491e+09	(delta): 5.805e+07
3 (EM) 	Elapsed: 3.669	Loglikelihood: -2.04944e+09	(delta): 1.54729e+07
4 (EM) 	Elapsed: 3.715	Loglikelihood: -2.0417e+09	(delta): 7.73388e+06
5 (EM) 	Elapsed: 3.714	Loglikelihood: -2.03753e+09	(delta): 4.17661e+06
Initial loglikelihood: -2.03753e+09
Starting main algorithm
1 (QN/Block) 	Elapsed: 9.238	Loglikelihood: -2.00684e+09	(delta): 3.06844e+07
2 (QN/Block) 	Elapsed: 9.167	Loglikelihood: -1.98598e+09	(delta): 2.08613e+07
3 (QN/Block) 	Elapsed: 16.295	Loglikelihood: -1.96962e+09	(delta): 1.63605e+07
4 (QN/Block) 	Elapsed: 19.839	Loglikelihood: -1.96454e+09	(delta): 5.08026e+06
5 (QN/Block) 	Elapsed: 23.212	Loglikelihood: -1.96374e+09	(delta): 796188
6 (QN/Block) 	Elapsed: 16.263	Loglikelihood: -1.96369e+09	(delta): 55709.1
7 (QN/Block) 	Elapsed: 16.251	Loglikelihood: -1.96367e+09	(delta): 12464
8 (QN/Block) 	Elapsed: 16.267	Loglikelihood: -1.96367e+09	(delta): 2819.44
9 (QN/Block) 	Elapsed: 16.259	Loglikelihood: -1.96367e+09	(delta): 452.402
10 (QN/Block) 	Elapsed: 16.18	Loglikelihood: -1.96367e+09	(delta): 97.1483
11 (QN/Block) 	Elapsed: 16.155	Loglikelihood: -1.96367e+09	(delta): 13.8408
12 (QN/Block) 	Elapsed: 16.171	Loglikelihood: -1.96367e+09	(delta): 1.25991
13 (QN/Block) 	Elapsed: 16.207	Loglikelihood: -1.96367e+09	(delta): 0.129835
14 (QN/Block) 	Elapsed: 16.219	Loglikelihood: -1.96367e+09	(delta): 0.0174608
15 (QN/Block) 	Elapsed: 16.217	Loglikelihood: -1.96367e+09	(delta): 0.00907254
16 (QN/Block) 	Elapsed: 16.162	Loglikelihood: -1.96367e+09	(delta): 0.00181746
17 (QN/Block) 	Elapsed: 16.158	Loglikelihood: -1.96367e+09	(delta): 0.000291348
18 (QN/Block) 	Elapsed: 16.222	Loglikelihood: -1.96367e+09	(delta): 0.000177622
19 (QN/Block) 	Elapsed: 16.198	Loglikelihood: -1.96367e+09	(delta): 0.00010252
20 (QN/Block) 	Elapsed: 16.208	Loglikelihood: -1.96367e+09	(delta): 0.000219107
21 (QN/Block) 	Elapsed: 16.179	Loglikelihood: -1.96367e+09	(delta): 0.000148296
22 (QN/Block) 	Elapsed: 16.256	Loglikelihood: -1.96367e+09	(delta): 3.09944e-06
Summary: 
Converged in 22 iterations (477.152 sec)
Loglikelihood: -1963671493.691181
Fst divergences between estimated populations: 
	Pop0	
Pop0	
Pop1	0.071	
CV error (K=2): 0.50643
Writing output files.
ADMIXTURE execution complete for K=2
