****                   ADMIXTURE Version 1.4.0                  ****
****                    Copyright 2008-2025                     ****
****           David Alexander, Suyash Shringarpure,            ****
****                John Novembre, Ken Lange                    ****
****                                                            ****
****                 Please cite our paper!                     ****
****   Information at https://dalexander.github.io/admixture/   ****

Cross-validation will be performed.  Folds=5.
Parallel execution requested.  Will use 8 threads.
Random seed: 1148
Point estimation method: Block relaxation algorithm
Convergence acceleration algorithm: QuasiNewton, 3 secant conditions
Point estimation will terminate when objective function delta < 0.0001
Estimation of standard errors disabled; will compute point estimates only.
Size of G: 14466x148419
Performing five EM steps to prime main algorithm
1 (EM) 	Elapsed: 4.715	Loglikelihood: -2.1469e+09	(delta): 1.18357e+09
2 (EM) 	Elapsed: 4.712	Loglikelihood: -2.08335e+09	(delta): 6.35508e+07
3 (EM) 	Elapsed: 4.718	Loglikelihood: -2.06698e+09	(delta): 1.63673e+07
4 (EM) 	Elapsed: 4.735	Loglikelihood: -2.05774e+09	(delta): 9.2389e+06
5 (EM) 	Elapsed: 4.748	Loglikelihood: -2.05145e+09	(delta): 6.28699e+06
Initial loglikelihood: -2.05145e+09
Starting main algorithm
1 (QN/Block) 	Elapsed: 14.915	Loglikelihood: -1.99348e+09	(delta): 5.79721e+07
2 (QN/Block) 	Elapsed: 14.829	Loglikelihood: -1.96439e+09	(delta): 2.90874e+07
3 (QN/Block) 	Elapsed: 23.068	Loglikelihood: -1.94505e+09	(delta): 1.93438e+07
4 (QN/Block) 	Elapsed: 31.466	Loglikelihood: -1.9392e+09	(delta): 5.84504e+06
5 (QN/Block) 	Elapsed: 35.55	Loglikelihood: -1.93855e+09	(delta): 656757
6 (QN/Block) 	Elapsed: 35.53	Loglikelihood: -1.93834e+09	(delta): 203718
7 (QN/Block) 	Elapsed: 35.497	Loglikelihood: -1.93816e+09	(delta): 182418
8 (QN/Block) 	Elapsed: 27.322	Loglikelihood: -1.93802e+09	(delta): 142779
9 (QN/Block) 	Elapsed: 27.292	Loglikelihood: -1.93792e+09	(delta): 96677.7
10 (QN/Block) 	Elapsed: 23.222	Loglikelihood: -1.93784e+09	(delta): 83976.7
11 (QN/Block) 	Elapsed: 23.128	Loglikelihood: -1.93775e+09	(delta): 86950.1
12 (QN/Block) 	Elapsed: 27.231	Loglikelihood: -1.93739e+09	(delta): 361820
13 (QN/Block) 	Elapsed: 31.503	Loglikelihood: -1.93732e+09	(delta): 67645.1
14 (QN/Block) 	Elapsed: 23.256	Loglikelihood: -1.93728e+09	(delta): 39883.1
15 (QN/Block) 	Elapsed: 22.908	Loglikelihood: -1.9372e+09	(delta): 77470
16 (QN/Block) 	Elapsed: 26.553	Loglikelihood: -1.93716e+09	(delta): 44275.3
17 (QN/Block) 	Elapsed: 27.002	Loglikelihood: -1.93713e+09	(delta): 32997.9
18 (QN/Block) 	Elapsed: 23.006	Loglikelihood: -1.93709e+09	(delta): 38630.6
19 (QN/Block) 	Elapsed: 22.589	Loglikelihood: -1.93701e+09	(delta): 74770.9
20 (QN/Block) 	Elapsed: 34.335	Loglikelihood: -1.93676e+09	(delta): 249196
21 (QN/Block) 	Elapsed: 34.775	Loglikelihood: -1.93668e+09	(delta): 85116.6
22 (QN/Block) 	Elapsed: 34.416	Loglikelihood: -1.93661e+09	(delta): 72178.5
23 (QN/Block) 	Elapsed: 34.421	Loglikelihood: -1.93649e+09	(delta): 114488
24 (QN/Block) 	Elapsed: 30.676	Loglikelihood: -1.93642e+09	(delta): 73554.6
25 (QN/Block) 	Elapsed: 34.394	Loglikelihood: -1.93636e+09	(delta): 59696.3
26 (QN/Block) 	Elapsed: 30.454	Loglikelihood: -1.93632e+09	(delta): 34377.1
27 (QN/Block) 	Elapsed: 34.706	Loglikelihood: -1.93631e+09	(delta): 17261.9
28 (QN/Block) 	Elapsed: 34.206	Loglikelihood: -1.9363e+09	(delta): 5994.64
29 (QN/Block) 	Elapsed: 26.657	Loglikelihood: -1.9363e+09	(delta): 4033.45
30 (QN/Block) 	Elapsed: 34.654	Loglikelihood: -1.9363e+09	(delta): 1792.19
31 (QN/Block) 	Elapsed: 30.396	Loglikelihood: -1.9363e+09	(delta): 76.9951
32 (QN/Block) 	Elapsed: 22.393	Loglikelihood: -1.9363e+09	(delta): 5.55401
33 (QN/Block) 	Elapsed: 22.356	Loglikelihood: -1.9363e+09	(delta): 0.538774
34 (QN/Block) 	Elapsed: 22.338	Loglikelihood: -1.9363e+09	(delta): 0.0500526
35 (QN/Block) 	Elapsed: 22.45	Loglikelihood: -1.9363e+09	(delta): 0.00813699
36 (QN/Block) 	Elapsed: 22.472	Loglikelihood: -1.9363e+09	(delta): 0.00105476
37 (QN/Block) 	Elapsed: 34.284	Loglikelihood: -1.9363e+09	(delta): 0.000458241
38 (QN/Block) 	Elapsed: 22.504	Loglikelihood: -1.9363e+09	(delta): 3.8147e-06
Summary: 
Converged in 38 iterations (1267.93 sec)
Loglikelihood: -1936295050.486011
Fst divergences between estimated populations: 
	Pop0	Pop1	Pop2	
Pop0	
Pop1	0.096	
Pop2	0.121	0.090	
Pop3	0.143	0.105	0.079	
CV error (K=4): 0.49382
Writing output files.
ADMIXTURE execution complete for K=4
