****                   ADMIXTURE Version 1.4.0                  ****
****                    Copyright 2008-2025                     ****
****           David Alexander, Suyash Shringarpure,            ****
****                John Novembre, Ken Lange                    ****
****                                                            ****
****                 Please cite our paper!                     ****
****   Information at https://dalexander.github.io/admixture/   ****

Cross-validation will be performed.  Folds=5.
Parallel execution requested.  Will use 8 threads.
Random seed: 1111
Point estimation method: Block relaxation algorithm
Convergence acceleration algorithm: QuasiNewton, 3 secant conditions
Point estimation will terminate when objective function delta < 0.0001
Estimation of standard errors disabled; will compute point estimates only.
Size of G: 14466x148419
Performing five EM steps to prime main algorithm
1 (EM) 	Elapsed: 4.249	Loglikelihood: -2.14275e+09	(delta): 1.29824e+09
2 (EM) 	Elapsed: 4.268	Loglikelihood: -2.07954e+09	(delta): 6.32029e+07
3 (EM) 	Elapsed: 4.275	Loglikelihood: -2.0621e+09	(delta): 1.74468e+07
4 (EM) 	Elapsed: 4.282	Loglikelihood: -2.05248e+09	(delta): 9.62038e+06
5 (EM) 	Elapsed: 4.281	Loglikelihood: -2.04625e+09	(delta): 6.23009e+06
Initial loglikelihood: -2.04625e+09
Starting main algorithm
1 (QN/Block) 	Elapsed: 11.928	Loglikelihood: -1.98464e+09	(delta): 6.16088e+07
2 (QN/Block) 	Elapsed: 11.927	Loglikelihood: -1.96188e+09	(delta): 2.27601e+07
3 (QN/Block) 	Elapsed: 19.712	Loglikelihood: -1.9449e+09	(delta): 1.69766e+07
4 (QN/Block) 	Elapsed: 23.644	Loglikelihood: -1.94131e+09	(delta): 3.58908e+06
5 (QN/Block) 	Elapsed: 27.392	Loglikelihood: -1.94056e+09	(delta): 751730
6 (QN/Block) 	Elapsed: 19.822	Loglikelihood: -1.9403e+09	(delta): 255093
7 (QN/Block) 	Elapsed: 19.752	Loglikelihood: -1.94017e+09	(delta): 136051
8 (QN/Block) 	Elapsed: 19.781	Loglikelihood: -1.94007e+09	(delta): 97607.1
9 (QN/Block) 	Elapsed: 19.824	Loglikelihood: -1.94005e+09	(delta): 24235
10 (QN/Block) 	Elapsed: 19.771	Loglikelihood: -1.94004e+09	(delta): 7374.59
11 (QN/Block) 	Elapsed: 19.742	Loglikelihood: -1.94004e+09	(delta): 1508.88
12 (QN/Block) 	Elapsed: 19.768	Loglikelihood: -1.94004e+09	(delta): 269.491
13 (QN/Block) 	Elapsed: 19.829	Loglikelihood: -1.94004e+09	(delta): 20.5532
14 (QN/Block) 	Elapsed: 23.733	Loglikelihood: -1.94004e+09	(delta): 1.89739
15 (QN/Block) 	Elapsed: 19.739	Loglikelihood: -1.94004e+09	(delta): 0.269214
16 (QN/Block) 	Elapsed: 19.73	Loglikelihood: -1.94004e+09	(delta): 0.0136125
17 (QN/Block) 	Elapsed: 19.773	Loglikelihood: -1.94004e+09	(delta): 0.00343466
18 (QN/Block) 	Elapsed: 19.754	Loglikelihood: -1.94004e+09	(delta): 0.000663519
19 (QN/Block) 	Elapsed: 19.779	Loglikelihood: -1.94004e+09	(delta): 0.000163555
20 (QN/Block) 	Elapsed: 19.415	Loglikelihood: -1.94004e+09	(delta): 1.28746e-05
Summary: 
Converged in 20 iterations (524.466 sec)
Loglikelihood: -1940036768.084525
Fst divergences between estimated populations: 
	Pop0	Pop1	
Pop0	
Pop1	0.104	
Pop2	0.079	0.088	
CV error (K=3): 0.49549
Writing output files.
ADMIXTURE execution complete for K=3
