****                   ADMIXTURE Version 1.4.0                  ****
****                    Copyright 2008-2025                     ****
****           David Alexander, Suyash Shringarpure,            ****
****                John Novembre, Ken Lange                    ****
****                                                            ****
****                 Please cite our paper!                     ****
****   Information at https://dalexander.github.io/admixture/   ****

Cross-validation will be performed.  Folds=5.
Parallel execution requested.  Will use 8 threads.
Random seed: 1111
Point estimation method: Block relaxation algorithm
Convergence acceleration algorithm: QuasiNewton, 3 secant conditions
Point estimation will terminate when objective function delta < 0.0001
Estimation of standard errors disabled; will compute point estimates only.
Size of G: 13211x262666
Performing five EM steps to prime main algorithm
1 (EM) 	Elapsed: 6.524	Loglikelihood: -3.35338e+09	(delta): 2.20827e+09
2 (EM) 	Elapsed: 6.57	Loglikelihood: -3.24848e+09	(delta): 1.04895e+08
3 (EM) 	Elapsed: 6.548	Loglikelihood: -3.22088e+09	(delta): 2.76022e+07
4 (EM) 	Elapsed: 6.533	Loglikelihood: -3.20586e+09	(delta): 1.50193e+07
5 (EM) 	Elapsed: 6.501	Loglikelihood: -3.19618e+09	(delta): 9.6752e+06
Initial loglikelihood: -3.19618e+09
Starting main algorithm
1 (QN/Block) 	Elapsed: 18.375	Loglikelihood: -3.05195e+09	(delta): 1.44232e+08
2 (QN/Block) 	Elapsed: 18.626	Loglikelihood: -3.02523e+09	(delta): 2.67176e+07
3 (QN/Block) 	Elapsed: 30.167	Loglikelihood: -3.01564e+09	(delta): 9.59236e+06
4 (QN/Block) 	Elapsed: 30.034	Loglikelihood: -3.00638e+09	(delta): 9.25903e+06
5 (QN/Block) 	Elapsed: 41.68	Loglikelihood: -3.00409e+09	(delta): 2.29043e+06
6 (QN/Block) 	Elapsed: 29.836	Loglikelihood: -3.00301e+09	(delta): 1.08296e+06
7 (QN/Block) 	Elapsed: 30.222	Loglikelihood: -3.00163e+09	(delta): 1.38368e+06
8 (QN/Block) 	Elapsed: 41.347	Loglikelihood: -3.00026e+09	(delta): 1.36373e+06
9 (QN/Block) 	Elapsed: 29.903	Loglikelihood: -2.99991e+09	(delta): 354796
10 (QN/Block) 	Elapsed: 29.73	Loglikelihood: -2.99981e+09	(delta): 101041
11 (QN/Block) 	Elapsed: 30.125	Loglikelihood: -2.99978e+09	(delta): 29694.1
12 (QN/Block) 	Elapsed: 30.07	Loglikelihood: -2.99977e+09	(delta): 9663.55
13 (QN/Block) 	Elapsed: 35.699	Loglikelihood: -2.99976e+09	(delta): 2475.81
14 (QN/Block) 	Elapsed: 30.228	Loglikelihood: -2.99976e+09	(delta): 257.567
15 (QN/Block) 	Elapsed: 35.476	Loglikelihood: -2.99976e+09	(delta): 64.0411
16 (QN/Block) 	Elapsed: 30.616	Loglikelihood: -2.99976e+09	(delta): 1.83174
17 (QN/Block) 	Elapsed: 30.042	Loglikelihood: -2.99976e+09	(delta): 0.16856
18 (QN/Block) 	Elapsed: 30.083	Loglikelihood: -2.99976e+09	(delta): 0.0107579
19 (QN/Block) 	Elapsed: 29.843	Loglikelihood: -2.99976e+09	(delta): 0.00106239
20 (QN/Block) 	Elapsed: 30.049	Loglikelihood: -2.99976e+09	(delta): 0.000772476
21 (QN/Block) 	Elapsed: 35.762	Loglikelihood: -2.99976e+09	(delta): 0.000118732
22 (QN/Block) 	Elapsed: 30.048	Loglikelihood: -2.99976e+09	(delta): 1.52588e-05
Summary: 
Converged in 22 iterations (882.481 sec)
Loglikelihood: -2999764440.160491
Fst divergences between estimated populations: 
	Pop0	Pop1	
Pop0	
Pop1	0.091	
Pop2	0.094	0.116	
CV error (K=3): 0.40863
Writing output files.
ADMIXTURE execution complete for K=3
