****                   ADMIXTURE Version 1.4.0                  ****
****                    Copyright 2008-2025                     ****
****           David Alexander, Suyash Shringarpure,            ****
****                John Novembre, Ken Lange                    ****
****                                                            ****
****                 Please cite our paper!                     ****
****   Information at https://dalexander.github.io/admixture/   ****

Cross-validation will be performed.  Folds=5.
Parallel execution requested.  Will use 8 threads.
Random seed: 1185
Point estimation method: Block relaxation algorithm
Convergence acceleration algorithm: QuasiNewton, 3 secant conditions
Point estimation will terminate when objective function delta < 0.0001
Estimation of standard errors disabled; will compute point estimates only.
Size of G: 14466x148419
Performing five EM steps to prime main algorithm
1 (EM) 	Elapsed: 5.246	Loglikelihood: -2.14513e+09	(delta): 1.11006e+09
2 (EM) 	Elapsed: 5.248	Loglikelihood: -2.08294e+09	(delta): 6.21858e+07
3 (EM) 	Elapsed: 5.318	Loglikelihood: -2.06813e+09	(delta): 1.48129e+07
4 (EM) 	Elapsed: 5.29	Loglikelihood: -2.05974e+09	(delta): 8.3836e+06
5 (EM) 	Elapsed: 5.324	Loglikelihood: -2.05387e+09	(delta): 5.868e+06
Initial loglikelihood: -2.05387e+09
Starting main algorithm
1 (QN/Block) 	Elapsed: 18.416	Loglikelihood: -1.98037e+09	(delta): 7.35004e+07
2 (QN/Block) 	Elapsed: 18.37	Loglikelihood: -1.95625e+09	(delta): 2.41247e+07
3 (QN/Block) 	Elapsed: 27.145	Loglikelihood: -1.94099e+09	(delta): 1.52633e+07
4 (QN/Block) 	Elapsed: 39.819	Loglikelihood: -1.93649e+09	(delta): 4.49693e+06
5 (QN/Block) 	Elapsed: 39.987	Loglikelihood: -1.93503e+09	(delta): 1.45454e+06
6 (QN/Block) 	Elapsed: 27.085	Loglikelihood: -1.93477e+09	(delta): 262432
7 (QN/Block) 	Elapsed: 27.116	Loglikelihood: -1.93459e+09	(delta): 183623
8 (QN/Block) 	Elapsed: 27.139	Loglikelihood: -1.9345e+09	(delta): 88837.8
9 (QN/Block) 	Elapsed: 27.153	Loglikelihood: -1.93444e+09	(delta): 55874.1
10 (QN/Block) 	Elapsed: 27.118	Loglikelihood: -1.9344e+09	(delta): 47311.1
11 (QN/Block) 	Elapsed: 27.097	Loglikelihood: -1.93429e+09	(delta): 103129
12 (QN/Block) 	Elapsed: 27.023	Loglikelihood: -1.93413e+09	(delta): 168065
13 (QN/Block) 	Elapsed: 31.46	Loglikelihood: -1.93407e+09	(delta): 60437
14 (QN/Block) 	Elapsed: 26.836	Loglikelihood: -1.93402e+09	(delta): 47130.7
15 (QN/Block) 	Elapsed: 26.412	Loglikelihood: -1.93392e+09	(delta): 94870.6
16 (QN/Block) 	Elapsed: 26.655	Loglikelihood: -1.93384e+09	(delta): 84249.6
17 (QN/Block) 	Elapsed: 31	Loglikelihood: -1.93379e+09	(delta): 50820.3
18 (QN/Block) 	Elapsed: 26.304	Loglikelihood: -1.93377e+09	(delta): 22527.9
19 (QN/Block) 	Elapsed: 26.355	Loglikelihood: -1.93374e+09	(delta): 24000.2
20 (QN/Block) 	Elapsed: 26.499	Loglikelihood: -1.93373e+09	(delta): 13630.6
21 (QN/Block) 	Elapsed: 26.463	Loglikelihood: -1.93371e+09	(delta): 15888.5
22 (QN/Block) 	Elapsed: 26.24	Loglikelihood: -1.9337e+09	(delta): 11158.5
23 (QN/Block) 	Elapsed: 26.354	Loglikelihood: -1.93365e+09	(delta): 50691.9
24 (QN/Block) 	Elapsed: 26.512	Loglikelihood: -1.93359e+09	(delta): 57562.9
25 (QN/Block) 	Elapsed: 34.499	Loglikelihood: -1.93354e+09	(delta): 56750.4
26 (QN/Block) 	Elapsed: 26.38	Loglikelihood: -1.9335e+09	(delta): 36783
27 (QN/Block) 	Elapsed: 30.683	Loglikelihood: -1.9334e+09	(delta): 95020
28 (QN/Block) 	Elapsed: 38.6	Loglikelihood: -1.93334e+09	(delta): 66374.3
29 (QN/Block) 	Elapsed: 38.875	Loglikelihood: -1.93331e+09	(delta): 24574.1
30 (QN/Block) 	Elapsed: 34.508	Loglikelihood: -1.93327e+09	(delta): 41037
31 (QN/Block) 	Elapsed: 34.389	Loglikelihood: -1.93325e+09	(delta): 21584.2
32 (QN/Block) 	Elapsed: 38.63	Loglikelihood: -1.93324e+09	(delta): 9269.55
33 (QN/Block) 	Elapsed: 26.19	Loglikelihood: -1.93324e+09	(delta): 1562.62
34 (QN/Block) 	Elapsed: 26.46	Loglikelihood: -1.93324e+09	(delta): 309.78
35 (QN/Block) 	Elapsed: 26.321	Loglikelihood: -1.93324e+09	(delta): 73.2053
36 (QN/Block) 	Elapsed: 26.236	Loglikelihood: -1.93324e+09	(delta): 9.85792
37 (QN/Block) 	Elapsed: 26.216	Loglikelihood: -1.93324e+09	(delta): 3.13542
38 (QN/Block) 	Elapsed: 30.435	Loglikelihood: -1.93324e+09	(delta): 0.592111
39 (QN/Block) 	Elapsed: 26.225	Loglikelihood: -1.93324e+09	(delta): 0.211312
40 (QN/Block) 	Elapsed: 26.288	Loglikelihood: -1.93324e+09	(delta): 0.0122821
41 (QN/Block) 	Elapsed: 26.324	Loglikelihood: -1.93324e+09	(delta): 0.00645566
42 (QN/Block) 	Elapsed: 26.261	Loglikelihood: -1.93324e+09	(delta): 0.000526428
43 (QN/Block) 	Elapsed: 38.411	Loglikelihood: -1.93324e+09	(delta): 8.74996e-05
Summary: 
Converged in 43 iterations (1481.32 sec)
Loglikelihood: -1933239361.286854
Fst divergences between estimated populations: 
	Pop0	Pop1	Pop2	Pop3	
Pop0	
Pop1	0.107	
Pop2	0.098	0.143	
Pop3	0.092	0.080	0.123	
Pop4	0.069	0.081	0.112	0.044	
CV error (K=5): 0.49248
Writing output files.
