****                   ADMIXTURE Version 1.4.0                  ****
****                    Copyright 2008-2025                     ****
****           David Alexander, Suyash Shringarpure,            ****
****                John Novembre, Ken Lange                    ****
****                                                            ****
****                 Please cite our paper!                     ****
****   Information at https://dalexander.github.io/admixture/   ****

Cross-validation will be performed.  Folds=5.
Parallel execution requested.  Will use 8 threads.
Random seed: 1111
Point estimation method: Block relaxation algorithm
Convergence acceleration algorithm: QuasiNewton, 3 secant conditions
Point estimation will terminate when objective function delta < 0.0001
Estimation of standard errors disabled; will compute point estimates only.
Size of G: 8835x262666
Performing five EM steps to prime main algorithm
1 (EM) 	Elapsed: 3.581	Loglikelihood: -2.30028e+09	(delta): 1.41674e+09
2 (EM) 	Elapsed: 3.559	Loglikelihood: -2.23143e+09	(delta): 6.88548e+07
3 (EM) 	Elapsed: 3.555	Loglikelihood: -2.21254e+09	(delta): 1.889e+07
4 (EM) 	Elapsed: 3.541	Loglikelihood: -2.20218e+09	(delta): 1.03594e+07
5 (EM) 	Elapsed: 3.531	Loglikelihood: -2.1955e+09	(delta): 6.67786e+06
Initial loglikelihood: -2.1955e+09
Starting main algorithm
1 (QN/Block) 	Elapsed: 10.57	Loglikelihood: -2.12852e+09	(delta): 6.69734e+07
2 (QN/Block) 	Elapsed: 10.548	Loglikelihood: -2.12003e+09	(delta): 8.49351e+06
3 (QN/Block) 	Elapsed: 16.99	Loglikelihood: -2.11502e+09	(delta): 5.01261e+06
4 (QN/Block) 	Elapsed: 20.186	Loglikelihood: -2.11269e+09	(delta): 2.33243e+06
5 (QN/Block) 	Elapsed: 20.165	Loglikelihood: -2.1118e+09	(delta): 882063
6 (QN/Block) 	Elapsed: 16.915	Loglikelihood: -2.11135e+09	(delta): 453653
7 (QN/Block) 	Elapsed: 20.248	Loglikelihood: -2.11075e+09	(delta): 602101
8 (QN/Block) 	Elapsed: 23.41	Loglikelihood: -2.11055e+09	(delta): 196442
9 (QN/Block) 	Elapsed: 23.372	Loglikelihood: -2.11048e+09	(delta): 74716.9
10 (QN/Block) 	Elapsed: 16.963	Loglikelihood: -2.11044e+09	(delta): 32272.6
11 (QN/Block) 	Elapsed: 20.2	Loglikelihood: -2.11043e+09	(delta): 11645.4
12 (QN/Block) 	Elapsed: 23.395	Loglikelihood: -2.11043e+09	(delta): 2765.75
13 (QN/Block) 	Elapsed: 26.571	Loglikelihood: -2.11043e+09	(delta): 409.722
14 (QN/Block) 	Elapsed: 16.977	Loglikelihood: -2.11043e+09	(delta): 47.6101
15 (QN/Block) 	Elapsed: 26.585	Loglikelihood: -2.11043e+09	(delta): 9.59494
16 (QN/Block) 	Elapsed: 16.958	Loglikelihood: -2.11043e+09	(delta): 0.989911
17 (QN/Block) 	Elapsed: 16.952	Loglikelihood: -2.11043e+09	(delta): 0.0189376
18 (QN/Block) 	Elapsed: 17.011	Loglikelihood: -2.11043e+09	(delta): 0.00398207
19 (QN/Block) 	Elapsed: 17.016	Loglikelihood: -2.11043e+09	(delta): 0.000926018
20 (QN/Block) 	Elapsed: 17.008	Loglikelihood: -2.11043e+09	(delta): -5.81741e-05
21 (QN/Block) 	Elapsed: 26.515	Loglikelihood: -2.11043e+09	(delta): 6.38962e-05
Summary: 
Converged in 21 iterations (515.297 sec)
Loglikelihood: -2110430040.149268
Fst divergences between estimated populations: 
	Pop0	Pop1	
Pop0	
Pop1	0.117	
Pop2	0.094	0.092	
CV error (K=3): 0.48515
Writing output files.
